C51 COMPILER V9.00   CONFIG                                                                07/30/2016 11:44:56 PAGE 1   


C51 COMPILER V9.00, COMPILATION OF MODULE CONFIG
OBJECT MODULE PLACED IN Config.OBJ
COMPILER INVOKED BY: d:\Keil\C51\BIN\C51.EXE Config.c BROWSE DEBUG OBJECTEXTEND

line level    source

   1          #include <reg52.h>
   2          
   3          /* LDC1000 */
   4          sbit SDO =P1^1;     
   5          sbit SDI =P1^2;   
   6          sbit SCLK =P1^0;  
   7          sbit CS =P1^3;  
   8          
   9          /* LCD */
  10          sbit LCD_RS = P2^6; //1602 control define
  11          sbit RW = P2^5;
  12          sbit LCD_E = P2^7;


MODULE INFORMATION:   STATIC OVERLAYABLE
   CODE SIZE        =   ----    ----
   CONSTANT SIZE    =   ----    ----
   XDATA SIZE       =   ----    ----
   PDATA SIZE       =   ----    ----
   DATA SIZE        =   ----    ----
   IDATA SIZE       =   ----    ----
   BIT SIZE         =   ----    ----
END OF MODULE INFORMATION.


C51 COMPILATION COMPLETE.  0 WARNING(S),  0 ERROR(S)
