C51 COMPILER V9.00   CEMAIN                                                                07/19/2016 15:26:38 PAGE 1   


C51 COMPILER V9.00, COMPILATION OF MODULE CEMAIN
OBJECT MODULE PLACED IN cemain.OBJ
COMPILER INVOKED BY: d:\Keil\C51\BIN\C51.EXE cemain.c BROWSE DEBUG OBJECTEXTEND

line level    source

   1          #include <reg52.h>
   2          sbit IN1=P1^0;
   3          sbit IN2=P1^1;
   4          sbit OUT1=P2^0;
   5          void main()
   6          {       while(1){
   7   2              if(IN2==1){
   8   3                      OUT1=~OUT1;
   9   3                      
  10   3              }
  11   2              }
  12   1      
  13   1      }


MODULE INFORMATION:   STATIC OVERLAYABLE
   CODE SIZE        =      7    ----
   CONSTANT SIZE    =   ----    ----
   XDATA SIZE       =   ----    ----
   PDATA SIZE       =   ----    ----
   DATA SIZE        =   ----    ----
   IDATA SIZE       =   ----    ----
   BIT SIZE         =   ----    ----
END OF MODULE INFORMATION.


C51 COMPILATION COMPLETE.  0 WARNING(S),  0 ERROR(S)
